// Jest Snapshot v1, https://goo.gl/fbAQLP

exports[`Snapshot test Matches the snapshot 1`] = `
<div>
  <form
    onSubmit={[Function]}
  >
    <button>
       refresh 
    </button>
  </form>
  <div>
    <h3>
       
       
    </h3>
  </div>
</div>
`;
